
> client@0.0.0.1 test
> ng test --watch=false

Node.js version v25.2.1 detected.
Odd numbered Node.js versions will not enter LTS status and should not be used for production. For more information, please see https://nodejs.org/en/about/previous-releases/.
Workspace config file cannot be loaded: /Users/dave/.angular-config.json
EPERM: operation not permitted, open '/Users/dave/.angular-config.json'
npm notice
npm notice New minor version of npm available! 11.6.2 -> 11.12.1
npm notice Changelog: https://github.com/npm/cli/releases/tag/v11.12.1
npm notice To update run: npm install -g npm@11.12.1
npm notice
